func packSEXP_types_Slice___string(p []string) C.SEXP {
	r := C.Rf_allocVector(C.STRSXP, C.R_xlen_t(len(p)))
	C.Rf_protect(r)
	defer C.Rf_unprotect(1)
	for i, v := range p {
		s := C.Rf_mkCharLenCE(C._GoStringPtr(string(v)), C.int(len(v)), C.CE_UTF8)
		C.SET_STRING_ELT(r, C.R_xlen_t(i), s)
	}
	return r
}