func packSEXP_types_Slice___bool(p []bool) C.SEXP {
	if p == nil {
		return C.R_NilValue
	}
	r := C.Rf_allocVector(C.LGLSXP, C.R_xlen_t(len(p)))
	C.Rf_protect(r)
	defer C.Rf_unprotect(1)
	s := (*[140737488355328]bool)(unsafe.Pointer(C.LOGICAL(r)))[:len(p)]
	for i, v := range p {
		if v {
			s[i] = 1
		} else {
			s[i] = 0
		}
	}
	return r
}