func packSEXP_types_Map_map_string_string(p map[string]string) C.SEXP {
	if p == nil {
		return C.R_NilValue
	}
	n := len(p)
	r := C.Rf_allocVector(C.STRSXP, C.R_xlen_t(n))
	C.Rf_protect(r)
	defer C.Rf_unprotect(1)
	names := C.Rf_allocVector(C.STRSXP, C.R_xlen_t(n))
	C.Rf_protect(names)
	defer C.Rf_unprotect(1)
	var i C.R_xlen_t
	for k, v := range p {
		C.SET_STRING_ELT(names, i, C.Rf_mkCharLenCE(C._GoStringPtr(k), C.int(len(k)), C.CE_UTF8))
		C.SET_STRING_ELT(r, i, packSEXP_types_Basic_string(v))
		i++
	}
	C.setAttrib(r, C.R_NamesSymbol, names)
	return r
}