func packSEXP_types_Map_map_string_complex128(p map[string]complex128) C.SEXP {
	if p == nil {
		return C.R_NilValue
	}
	n := len(p)
	r := C.Rf_allocVector(C.CPLXSXP, C.R_xlen_t(n))
	C.Rf_protect(r)
	defer C.Rf_unprotect(1)
	names := C.Rf_allocVector(C.STRSXP, C.R_xlen_t(n))
	C.Rf_protect(names)
	defer C.Rf_unprotect(1)
	s := (*[35184372088832]complex128)(unsafe.Pointer(C.COMPLEX(r)))[:len(p):len(p)]
	var i C.R_xlen_t
	for k, v := range p {
		C.SET_STRING_ELT(names, i, C.Rf_mkCharLenCE(C._GoStringPtr(k), C.int(len(k)), C.CE_UTF8))
		s[i] = complex128(v)
		i++
	}
	C.setAttrib(r, packSEXP_types_Basic_string("names"), names)
	return r
}