func packSEXP_types_Struct_struct_F1_complex128__rgo___Rname_____F2_complex128_(p struct{F1 complex128 "rgo:\"Rname\""; F2 complex128}) C.SEXP {
	r := C.allocList(2)
	C.Rf_protect(r)
	names := C.Rf_allocVector(C.STRSXP, 2)
	C.Rf_protect(names)
	arg := r
	C.SET_STRING_ELT(names, 0, C.Rf_mkCharLenCE(C._GoStringPtr(`Rname`), 5, C.CE_UTF8))
	C.SETCAR(arg, packSEXP_types_Basic_complex128(p.F1))
	arg = C.CDR(arg)
	C.SET_STRING_ELT(names, 1, C.Rf_mkCharLenCE(C._GoStringPtr(`F2`), 2, C.CE_UTF8))
	C.SETCAR(arg, packSEXP_types_Basic_complex128(p.F2))
	C.setAttrib(r, packSEXP_types_Basic_string(`names`), names)
	C.Rf_unprotect(2)
	return r
}