func unpackSEXP_types_Map_map_string_string(p C.SEXP) map[string]string {
	if C.Rf_isNull(p) != 0 {
		return nil
	}
	n := int(C.Rf_xlength(p))
	r := make(map[string]string, n)
	names := C.getAttrib(p, C.R_NamesSymbol)
	for i := 0; i < n; i++ {
		key := string(C.R_gostring(names, C.R_xlen_t(i)))
		r[key] = string(C.R_gostring(p, C.R_xlen_t(i)))
	}
	return r
}