func unpackSEXP_types_Map_map_string_float64(p C.SEXP) map[string]float64 {
	if C.Rf_isNull(p) != 0 {
		return nil
	}
	n := int(C.Rf_xlength(p))
	r := make(map[string]float64, n)
	names := C.getAttrib(p, C.R_NamesSymbol)
	if names == C.R_NilValue {
		panic("no names attribute for map keys")
	}
	values := (*[70368744177664]float64)(unsafe.Pointer(C.REAL(p)))[:n:n]
	for i, elem := range values {
		key := string(C.R_gostring(names, C.R_xlen_t(i)))
		r[key] = float64(elem)
	}
	return r
}